// Jest Snapshot v1, https://goo.gl/fbAQLP

exports[`ContactList renders correctly after Query 1`] = `
ShallowWrapper {
  "length": 1,
  Symbol(enzyme.__root__): [Circular],
  Symbol(enzyme.__unrendered__): <CreatePage
    contactQuery={
      Object {
        "contact": Object {
          "address": "dsafdsaf",
          "email": "adsf@gmail.com",
          "firstName": "Hello",
          "lastName": "No",
          "phone": "21312",
        },
        "loading": false,
      }
    }
    match={
      Object {
        "params": Object {
          "id": 1,
        },
      }
    }
  />,
  Symbol(enzyme.__renderer__): Object {
    "batchedUpdates": [Function],
    "getNode": [Function],
    "render": [Function],
    "simulateEvent": [Function],
    "unmount": [Function],
  },
  Symbol(enzyme.__node__): Object {
    "instance": null,
    "key": undefined,
    "nodeType": "host",
    "props": Object {
      "children": Array [
        <span
          id="list"
        >
          <h2
            className="listtitle"
          >
            All Contacts
          </h2>
          <Apollo(withRouter(Connect(Contact)))
            contacts={undefined}
          />
        </span>,
        <span
          id="form"
        >
          <form
            onSubmit={[Function]}
          >
            <h1>
              Edit
               Contact
            </h1>
            <input
              autoFocus={true}
              className="input"
              onChange={[Function]}
              placeholder="First Name"
              type="text"
              value=""
            />
            <input
              className="input"
              cols={50}
              onChange={[Function]}
              placeholder="Last Name"
              rows={8}
              value=""
            />
            <input
              className="input"
              cols={50}
              onChange={[Function]}
              placeholder="Phone"
              rows={8}
              value=""
            />
            <input
              className="input"
              cols={50}
              onChange={[Function]}
              placeholder="Email"
              rows={8}
              type="Email"
              value=""
            />
            <input
              className="input"
              cols={50}
              onChange={[Function]}
              placeholder="Address"
              rows={8}
              value=""
            />
            <input
              className="input"
              type="submit"
              value="Edit"
            />
             
          </form>
        </span>,
      ],
      "id": "wrapper",
    },
    "ref": null,
    "rendered": Array [
      Object {
        "instance": null,
        "key": undefined,
        "nodeType": "host",
        "props": Object {
          "children": Array [
            <h2
              className="listtitle"
            >
              All Contacts
            </h2>,
            <Apollo(withRouter(Connect(Contact)))
              contacts={undefined}
            />,
          ],
          "id": "list",
        },
        "ref": null,
        "rendered": Array [
          Object {
            "instance": null,
            "key": undefined,
            "nodeType": "host",
            "props": Object {
              "children": "All Contacts",
              "className": "listtitle",
            },
            "ref": null,
            "rendered": "All Contacts",
            "type": "h2",
          },
          Object {
            "instance": null,
            "key": undefined,
            "nodeType": "class",
            "props": Object {
              "contacts": undefined,
            },
            "ref": null,
            "rendered": null,
            "type": [Function],
          },
        ],
        "type": "span",
      },
      Object {
        "instance": null,
        "key": undefined,
        "nodeType": "host",
        "props": Object {
          "children": <form
            onSubmit={[Function]}
          >
            <h1>
              Edit
               Contact
            </h1>
            <input
              autoFocus={true}
              className="input"
              onChange={[Function]}
              placeholder="First Name"
              type="text"
              value=""
            />
            <input
              className="input"
              cols={50}
              onChange={[Function]}
              placeholder="Last Name"
              rows={8}
              value=""
            />
            <input
              className="input"
              cols={50}
              onChange={[Function]}
              placeholder="Phone"
              rows={8}
              value=""
            />
            <input
              className="input"
              cols={50}
              onChange={[Function]}
              placeholder="Email"
              rows={8}
              type="Email"
              value=""
            />
            <input
              className="input"
              cols={50}
              onChange={[Function]}
              placeholder="Address"
              rows={8}
              value=""
            />
            <input
              className="input"
              type="submit"
              value="Edit"
            />
             
          </form>,
          "id": "form",
        },
        "ref": null,
        "rendered": Object {
          "instance": null,
          "key": undefined,
          "nodeType": "host",
          "props": Object {
            "children": Array [
              <h1>
                Edit
                 Contact
              </h1>,
              <input
                autoFocus={true}
                className="input"
                onChange={[Function]}
                placeholder="First Name"
                type="text"
                value=""
              />,
              <input
                className="input"
                cols={50}
                onChange={[Function]}
                placeholder="Last Name"
                rows={8}
                value=""
              />,
              <input
                className="input"
                cols={50}
                onChange={[Function]}
                placeholder="Phone"
                rows={8}
                value=""
              />,
              <input
                className="input"
                cols={50}
                onChange={[Function]}
                placeholder="Email"
                rows={8}
                type="Email"
                value=""
              />,
              <input
                className="input"
                cols={50}
                onChange={[Function]}
                placeholder="Address"
                rows={8}
                value=""
              />,
              <input
                className="input"
                type="submit"
                value="Edit"
              />,
              " ",
            ],
            "onSubmit": [Function],
          },
          "ref": null,
          "rendered": Array [
            Object {
              "instance": null,
              "key": undefined,
              "nodeType": "host",
              "props": Object {
                "children": Array [
                  "Edit",
                  " Contact",
                ],
              },
              "ref": null,
              "rendered": Array [
                "Edit",
                " Contact",
              ],
              "type": "h1",
            },
            Object {
              "instance": null,
              "key": undefined,
              "nodeType": "host",
              "props": Object {
                "autoFocus": true,
                "className": "input",
                "onChange": [Function],
                "placeholder": "First Name",
                "type": "text",
                "value": "",
              },
              "ref": null,
              "rendered": null,
              "type": "input",
            },
            Object {
              "instance": null,
              "key": undefined,
              "nodeType": "host",
              "props": Object {
                "className": "input",
                "cols": 50,
                "onChange": [Function],
                "placeholder": "Last Name",
                "rows": 8,
                "value": "",
              },
              "ref": null,
              "rendered": null,
              "type": "input",
            },
            Object {
              "instance": null,
              "key": undefined,
              "nodeType": "host",
              "props": Object {
                "className": "input",
                "cols": 50,
                "onChange": [Function],
                "placeholder": "Phone",
                "rows": 8,
                "value": "",
              },
              "ref": null,
              "rendered": null,
              "type": "input",
            },
            Object {
              "instance": null,
              "key": undefined,
              "nodeType": "host",
              "props": Object {
                "className": "input",
                "cols": 50,
                "onChange": [Function],
                "placeholder": "Email",
                "rows": 8,
                "type": "Email",
                "value": "",
              },
              "ref": null,
              "rendered": null,
              "type": "input",
            },
            Object {
              "instance": null,
              "key": undefined,
              "nodeType": "host",
              "props": Object {
                "className": "input",
                "cols": 50,
                "onChange": [Function],
                "placeholder": "Address",
                "rows": 8,
                "value": "",
              },
              "ref": null,
              "rendered": null,
              "type": "input",
            },
            Object {
              "instance": null,
              "key": undefined,
              "nodeType": "host",
              "props": Object {
                "className": "input",
                "type": "submit",
                "value": "Edit",
              },
              "ref": null,
              "rendered": null,
              "type": "input",
            },
            " ",
          ],
          "type": "form",
        },
        "type": "span",
      },
    ],
    "type": "div",
  },
  Symbol(enzyme.__nodes__): Array [
    Object {
      "instance": null,
      "key": undefined,
      "nodeType": "host",
      "props": Object {
        "children": Array [
          <span
            id="list"
          >
            <h2
              className="listtitle"
            >
              All Contacts
            </h2>
            <Apollo(withRouter(Connect(Contact)))
              contacts={undefined}
            />
          </span>,
          <span
            id="form"
          >
            <form
              onSubmit={[Function]}
            >
              <h1>
                Edit
                 Contact
              </h1>
              <input
                autoFocus={true}
                className="input"
                onChange={[Function]}
                placeholder="First Name"
                type="text"
                value=""
              />
              <input
                className="input"
                cols={50}
                onChange={[Function]}
                placeholder="Last Name"
                rows={8}
                value=""
              />
              <input
                className="input"
                cols={50}
                onChange={[Function]}
                placeholder="Phone"
                rows={8}
                value=""
              />
              <input
                className="input"
                cols={50}
                onChange={[Function]}
                placeholder="Email"
                rows={8}
                type="Email"
                value=""
              />
              <input
                className="input"
                cols={50}
                onChange={[Function]}
                placeholder="Address"
                rows={8}
                value=""
              />
              <input
                className="input"
                type="submit"
                value="Edit"
              />
               
            </form>
          </span>,
        ],
        "id": "wrapper",
      },
      "ref": null,
      "rendered": Array [
        Object {
          "instance": null,
          "key": undefined,
          "nodeType": "host",
          "props": Object {
            "children": Array [
              <h2
                className="listtitle"
              >
                All Contacts
              </h2>,
              <Apollo(withRouter(Connect(Contact)))
                contacts={undefined}
              />,
            ],
            "id": "list",
          },
          "ref": null,
          "rendered": Array [
            Object {
              "instance": null,
              "key": undefined,
              "nodeType": "host",
              "props": Object {
                "children": "All Contacts",
                "className": "listtitle",
              },
              "ref": null,
              "rendered": "All Contacts",
              "type": "h2",
            },
            Object {
              "instance": null,
              "key": undefined,
              "nodeType": "class",
              "props": Object {
                "contacts": undefined,
              },
              "ref": null,
              "rendered": null,
              "type": [Function],
            },
          ],
          "type": "span",
        },
        Object {
          "instance": null,
          "key": undefined,
          "nodeType": "host",
          "props": Object {
            "children": <form
              onSubmit={[Function]}
            >
              <h1>
                Edit
                 Contact
              </h1>
              <input
                autoFocus={true}
                className="input"
                onChange={[Function]}
                placeholder="First Name"
                type="text"
                value=""
              />
              <input
                className="input"
                cols={50}
                onChange={[Function]}
                placeholder="Last Name"
                rows={8}
                value=""
              />
              <input
                className="input"
                cols={50}
                onChange={[Function]}
                placeholder="Phone"
                rows={8}
                value=""
              />
              <input
                className="input"
                cols={50}
                onChange={[Function]}
                placeholder="Email"
                rows={8}
                type="Email"
                value=""
              />
              <input
                className="input"
                cols={50}
                onChange={[Function]}
                placeholder="Address"
                rows={8}
                value=""
              />
              <input
                className="input"
                type="submit"
                value="Edit"
              />
               
            </form>,
            "id": "form",
          },
          "ref": null,
          "rendered": Object {
            "instance": null,
            "key": undefined,
            "nodeType": "host",
            "props": Object {
              "children": Array [
                <h1>
                  Edit
                   Contact
                </h1>,
                <input
                  autoFocus={true}
                  className="input"
                  onChange={[Function]}
                  placeholder="First Name"
                  type="text"
                  value=""
                />,
                <input
                  className="input"
                  cols={50}
                  onChange={[Function]}
                  placeholder="Last Name"
                  rows={8}
                  value=""
                />,
                <input
                  className="input"
                  cols={50}
                  onChange={[Function]}
                  placeholder="Phone"
                  rows={8}
                  value=""
                />,
                <input
                  className="input"
                  cols={50}
                  onChange={[Function]}
                  placeholder="Email"
                  rows={8}
                  type="Email"
                  value=""
                />,
                <input
                  className="input"
                  cols={50}
                  onChange={[Function]}
                  placeholder="Address"
                  rows={8}
                  value=""
                />,
                <input
                  className="input"
                  type="submit"
                  value="Edit"
                />,
                " ",
              ],
              "onSubmit": [Function],
            },
            "ref": null,
            "rendered": Array [
              Object {
                "instance": null,
                "key": undefined,
                "nodeType": "host",
                "props": Object {
                  "children": Array [
                    "Edit",
                    " Contact",
                  ],
                },
                "ref": null,
                "rendered": Array [
                  "Edit",
                  " Contact",
                ],
                "type": "h1",
              },
              Object {
                "instance": null,
                "key": undefined,
                "nodeType": "host",
                "props": Object {
                  "autoFocus": true,
                  "className": "input",
                  "onChange": [Function],
                  "placeholder": "First Name",
                  "type": "text",
                  "value": "",
                },
                "ref": null,
                "rendered": null,
                "type": "input",
              },
              Object {
                "instance": null,
                "key": undefined,
                "nodeType": "host",
                "props": Object {
                  "className": "input",
                  "cols": 50,
                  "onChange": [Function],
                  "placeholder": "Last Name",
                  "rows": 8,
                  "value": "",
                },
                "ref": null,
                "rendered": null,
                "type": "input",
              },
              Object {
                "instance": null,
                "key": undefined,
                "nodeType": "host",
                "props": Object {
                  "className": "input",
                  "cols": 50,
                  "onChange": [Function],
                  "placeholder": "Phone",
                  "rows": 8,
                  "value": "",
                },
                "ref": null,
                "rendered": null,
                "type": "input",
              },
              Object {
                "instance": null,
                "key": undefined,
                "nodeType": "host",
                "props": Object {
                  "className": "input",
                  "cols": 50,
                  "onChange": [Function],
                  "placeholder": "Email",
                  "rows": 8,
                  "type": "Email",
                  "value": "",
                },
                "ref": null,
                "rendered": null,
                "type": "input",
              },
              Object {
                "instance": null,
                "key": undefined,
                "nodeType": "host",
                "props": Object {
                  "className": "input",
                  "cols": 50,
                  "onChange": [Function],
                  "placeholder": "Address",
                  "rows": 8,
                  "value": "",
                },
                "ref": null,
                "rendered": null,
                "type": "input",
              },
              Object {
                "instance": null,
                "key": undefined,
                "nodeType": "host",
                "props": Object {
                  "className": "input",
                  "type": "submit",
                  "value": "Edit",
                },
                "ref": null,
                "rendered": null,
                "type": "input",
              },
              " ",
            ],
            "type": "form",
          },
          "type": "span",
        },
      ],
      "type": "div",
    },
  ],
  Symbol(enzyme.__options__): Object {
    "adapter": ReactSixteenAdapter {
      "options": Object {
        "enableComponentDidUpdateOnSetState": true,
      },
    },
  },
}
`;
