// Jest Snapshot v1, https://goo.gl/fbAQLP

exports[`ContactList renders correctly after Query 1`] = `
ShallowWrapper {
  "length": 1,
  Symbol(enzyme.__root__): [Circular],
  Symbol(enzyme.__unrendered__): <DetailPage
    contactquery={
      Object {
        "contact": Object {
          "address": "dsafdsaf",
          "email": "adsf@gmail.com",
          "firstName": "Hello",
          "lastName": "No",
          "phone": "21312",
        },
        "loading": false,
      }
    }
    match={
      Object {
        "params": Object {
          "id": 1,
        },
      }
    }
  />,
  Symbol(enzyme.__renderer__): Object {
    "batchedUpdates": [Function],
    "getNode": [Function],
    "render": [Function],
    "simulateEvent": [Function],
    "unmount": [Function],
  },
  Symbol(enzyme.__node__): Object {
    "instance": null,
    "key": undefined,
    "nodeType": "function",
    "props": Object {
      "children": <div
        id="wrapper"
      >
        <span
          id="list"
        >
          <h2
            className="listtitle"
          >
            All Contacts
          </h2>
          <Apollo(withRouter(Connect(Contact)))
            contacts={undefined}
          />
        </span>
        <span
          id="detail"
        >
          <div
            id="padding"
          >
            <h1
              className="heading"
            >
              Hello
               
              No
            </h1>
            <Link
              className="link"
              replace={false}
              to="/edit/undefined"
            >
              Edit
            </Link>
          </div>
          <table
            id="table"
          >
            <tr
              id="row"
            >
              <td
                id="column1"
              >
                Phone:
              </td>
              <td>
                21312
              </td>
            </tr>
            <tr
              id="row"
            >
              <td
                id="column1"
              >
                Email:
              </td>
              <td>
                adsf@gmail.com
              </td>
            </tr>
            <tr
              id="row"
            >
              <td
                id="column1"
              >
                Address:
              </td>
              <td>
                dsafdsaf
              </td>
            </tr>
          </table>
        </span>
      </div>,
    },
    "ref": null,
    "rendered": Object {
      "instance": null,
      "key": undefined,
      "nodeType": "host",
      "props": Object {
        "children": Array [
          <span
            id="list"
          >
            <h2
              className="listtitle"
            >
              All Contacts
            </h2>
            <Apollo(withRouter(Connect(Contact)))
              contacts={undefined}
            />
          </span>,
          <span
            id="detail"
          >
            <div
              id="padding"
            >
              <h1
                className="heading"
              >
                Hello
                 
                No
              </h1>
              <Link
                className="link"
                replace={false}
                to="/edit/undefined"
              >
                Edit
              </Link>
            </div>
            <table
              id="table"
            >
              <tr
                id="row"
              >
                <td
                  id="column1"
                >
                  Phone:
                </td>
                <td>
                  21312
                </td>
              </tr>
              <tr
                id="row"
              >
                <td
                  id="column1"
                >
                  Email:
                </td>
                <td>
                  adsf@gmail.com
                </td>
              </tr>
              <tr
                id="row"
              >
                <td
                  id="column1"
                >
                  Address:
                </td>
                <td>
                  dsafdsaf
                </td>
              </tr>
            </table>
          </span>,
        ],
        "id": "wrapper",
      },
      "ref": null,
      "rendered": Array [
        Object {
          "instance": null,
          "key": undefined,
          "nodeType": "host",
          "props": Object {
            "children": Array [
              <h2
                className="listtitle"
              >
                All Contacts
              </h2>,
              <Apollo(withRouter(Connect(Contact)))
                contacts={undefined}
              />,
            ],
            "id": "list",
          },
          "ref": null,
          "rendered": Array [
            Object {
              "instance": null,
              "key": undefined,
              "nodeType": "host",
              "props": Object {
                "children": "All Contacts",
                "className": "listtitle",
              },
              "ref": null,
              "rendered": "All Contacts",
              "type": "h2",
            },
            Object {
              "instance": null,
              "key": undefined,
              "nodeType": "class",
              "props": Object {
                "contacts": undefined,
              },
              "ref": null,
              "rendered": null,
              "type": [Function],
            },
          ],
          "type": "span",
        },
        Object {
          "instance": null,
          "key": undefined,
          "nodeType": "host",
          "props": Object {
            "children": Array [
              <div
                id="padding"
              >
                <h1
                  className="heading"
                >
                  Hello
                   
                  No
                </h1>
                <Link
                  className="link"
                  replace={false}
                  to="/edit/undefined"
                >
                  Edit
                </Link>
              </div>,
              <table
                id="table"
              >
                <tr
                  id="row"
                >
                  <td
                    id="column1"
                  >
                    Phone:
                  </td>
                  <td>
                    21312
                  </td>
                </tr>
                <tr
                  id="row"
                >
                  <td
                    id="column1"
                  >
                    Email:
                  </td>
                  <td>
                    adsf@gmail.com
                  </td>
                </tr>
                <tr
                  id="row"
                >
                  <td
                    id="column1"
                  >
                    Address:
                  </td>
                  <td>
                    dsafdsaf
                  </td>
                </tr>
              </table>,
            ],
            "id": "detail",
          },
          "ref": null,
          "rendered": Array [
            Object {
              "instance": null,
              "key": undefined,
              "nodeType": "host",
              "props": Object {
                "children": Array [
                  <h1
                    className="heading"
                  >
                    Hello
                     
                    No
                  </h1>,
                  <Link
                    className="link"
                    replace={false}
                    to="/edit/undefined"
                  >
                    Edit
                  </Link>,
                ],
                "id": "padding",
              },
              "ref": null,
              "rendered": Array [
                Object {
                  "instance": null,
                  "key": undefined,
                  "nodeType": "host",
                  "props": Object {
                    "children": Array [
                      "Hello",
                      " ",
                      "No",
                    ],
                    "className": "heading",
                  },
                  "ref": null,
                  "rendered": Array [
                    "Hello",
                    " ",
                    "No",
                  ],
                  "type": "h1",
                },
                Object {
                  "instance": null,
                  "key": undefined,
                  "nodeType": "class",
                  "props": Object {
                    "children": "Edit",
                    "className": "link",
                    "replace": false,
                    "to": "/edit/undefined",
                  },
                  "ref": null,
                  "rendered": "Edit",
                  "type": [Function],
                },
              ],
              "type": "div",
            },
            Object {
              "instance": null,
              "key": undefined,
              "nodeType": "host",
              "props": Object {
                "children": Array [
                  <tr
                    id="row"
                  >
                    <td
                      id="column1"
                    >
                      Phone:
                    </td>
                    <td>
                      21312
                    </td>
                  </tr>,
                  <tr
                    id="row"
                  >
                    <td
                      id="column1"
                    >
                      Email:
                    </td>
                    <td>
                      adsf@gmail.com
                    </td>
                  </tr>,
                  <tr
                    id="row"
                  >
                    <td
                      id="column1"
                    >
                      Address:
                    </td>
                    <td>
                      dsafdsaf
                    </td>
                  </tr>,
                ],
                "id": "table",
              },
              "ref": null,
              "rendered": Array [
                Object {
                  "instance": null,
                  "key": undefined,
                  "nodeType": "host",
                  "props": Object {
                    "children": Array [
                      <td
                        id="column1"
                      >
                        Phone:
                      </td>,
                      <td>
                        21312
                      </td>,
                    ],
                    "id": "row",
                  },
                  "ref": null,
                  "rendered": Array [
                    Object {
                      "instance": null,
                      "key": undefined,
                      "nodeType": "host",
                      "props": Object {
                        "children": "Phone:",
                        "id": "column1",
                      },
                      "ref": null,
                      "rendered": "Phone:",
                      "type": "td",
                    },
                    Object {
                      "instance": null,
                      "key": undefined,
                      "nodeType": "host",
                      "props": Object {
                        "children": "21312",
                      },
                      "ref": null,
                      "rendered": "21312",
                      "type": "td",
                    },
                  ],
                  "type": "tr",
                },
                Object {
                  "instance": null,
                  "key": undefined,
                  "nodeType": "host",
                  "props": Object {
                    "children": Array [
                      <td
                        id="column1"
                      >
                        Email:
                      </td>,
                      <td>
                        adsf@gmail.com
                      </td>,
                    ],
                    "id": "row",
                  },
                  "ref": null,
                  "rendered": Array [
                    Object {
                      "instance": null,
                      "key": undefined,
                      "nodeType": "host",
                      "props": Object {
                        "children": "Email:",
                        "id": "column1",
                      },
                      "ref": null,
                      "rendered": "Email:",
                      "type": "td",
                    },
                    Object {
                      "instance": null,
                      "key": undefined,
                      "nodeType": "host",
                      "props": Object {
                        "children": "adsf@gmail.com",
                      },
                      "ref": null,
                      "rendered": "adsf@gmail.com",
                      "type": "td",
                    },
                  ],
                  "type": "tr",
                },
                Object {
                  "instance": null,
                  "key": undefined,
                  "nodeType": "host",
                  "props": Object {
                    "children": Array [
                      <td
                        id="column1"
                      >
                        Address:
                      </td>,
                      <td>
                        dsafdsaf
                      </td>,
                    ],
                    "id": "row",
                  },
                  "ref": null,
                  "rendered": Array [
                    Object {
                      "instance": null,
                      "key": undefined,
                      "nodeType": "host",
                      "props": Object {
                        "children": "Address:",
                        "id": "column1",
                      },
                      "ref": null,
                      "rendered": "Address:",
                      "type": "td",
                    },
                    Object {
                      "instance": null,
                      "key": undefined,
                      "nodeType": "host",
                      "props": Object {
                        "children": "dsafdsaf",
                      },
                      "ref": null,
                      "rendered": "dsafdsaf",
                      "type": "td",
                    },
                  ],
                  "type": "tr",
                },
              ],
              "type": "table",
            },
          ],
          "type": "span",
        },
      ],
      "type": "div",
    },
    "type": Symbol(react.fragment),
  },
  Symbol(enzyme.__nodes__): Array [
    Object {
      "instance": null,
      "key": undefined,
      "nodeType": "function",
      "props": Object {
        "children": <div
          id="wrapper"
        >
          <span
            id="list"
          >
            <h2
              className="listtitle"
            >
              All Contacts
            </h2>
            <Apollo(withRouter(Connect(Contact)))
              contacts={undefined}
            />
          </span>
          <span
            id="detail"
          >
            <div
              id="padding"
            >
              <h1
                className="heading"
              >
                Hello
                 
                No
              </h1>
              <Link
                className="link"
                replace={false}
                to="/edit/undefined"
              >
                Edit
              </Link>
            </div>
            <table
              id="table"
            >
              <tr
                id="row"
              >
                <td
                  id="column1"
                >
                  Phone:
                </td>
                <td>
                  21312
                </td>
              </tr>
              <tr
                id="row"
              >
                <td
                  id="column1"
                >
                  Email:
                </td>
                <td>
                  adsf@gmail.com
                </td>
              </tr>
              <tr
                id="row"
              >
                <td
                  id="column1"
                >
                  Address:
                </td>
                <td>
                  dsafdsaf
                </td>
              </tr>
            </table>
          </span>
        </div>,
      },
      "ref": null,
      "rendered": Object {
        "instance": null,
        "key": undefined,
        "nodeType": "host",
        "props": Object {
          "children": Array [
            <span
              id="list"
            >
              <h2
                className="listtitle"
              >
                All Contacts
              </h2>
              <Apollo(withRouter(Connect(Contact)))
                contacts={undefined}
              />
            </span>,
            <span
              id="detail"
            >
              <div
                id="padding"
              >
                <h1
                  className="heading"
                >
                  Hello
                   
                  No
                </h1>
                <Link
                  className="link"
                  replace={false}
                  to="/edit/undefined"
                >
                  Edit
                </Link>
              </div>
              <table
                id="table"
              >
                <tr
                  id="row"
                >
                  <td
                    id="column1"
                  >
                    Phone:
                  </td>
                  <td>
                    21312
                  </td>
                </tr>
                <tr
                  id="row"
                >
                  <td
                    id="column1"
                  >
                    Email:
                  </td>
                  <td>
                    adsf@gmail.com
                  </td>
                </tr>
                <tr
                  id="row"
                >
                  <td
                    id="column1"
                  >
                    Address:
                  </td>
                  <td>
                    dsafdsaf
                  </td>
                </tr>
              </table>
            </span>,
          ],
          "id": "wrapper",
        },
        "ref": null,
        "rendered": Array [
          Object {
            "instance": null,
            "key": undefined,
            "nodeType": "host",
            "props": Object {
              "children": Array [
                <h2
                  className="listtitle"
                >
                  All Contacts
                </h2>,
                <Apollo(withRouter(Connect(Contact)))
                  contacts={undefined}
                />,
              ],
              "id": "list",
            },
            "ref": null,
            "rendered": Array [
              Object {
                "instance": null,
                "key": undefined,
                "nodeType": "host",
                "props": Object {
                  "children": "All Contacts",
                  "className": "listtitle",
                },
                "ref": null,
                "rendered": "All Contacts",
                "type": "h2",
              },
              Object {
                "instance": null,
                "key": undefined,
                "nodeType": "class",
                "props": Object {
                  "contacts": undefined,
                },
                "ref": null,
                "rendered": null,
                "type": [Function],
              },
            ],
            "type": "span",
          },
          Object {
            "instance": null,
            "key": undefined,
            "nodeType": "host",
            "props": Object {
              "children": Array [
                <div
                  id="padding"
                >
                  <h1
                    className="heading"
                  >
                    Hello
                     
                    No
                  </h1>
                  <Link
                    className="link"
                    replace={false}
                    to="/edit/undefined"
                  >
                    Edit
                  </Link>
                </div>,
                <table
                  id="table"
                >
                  <tr
                    id="row"
                  >
                    <td
                      id="column1"
                    >
                      Phone:
                    </td>
                    <td>
                      21312
                    </td>
                  </tr>
                  <tr
                    id="row"
                  >
                    <td
                      id="column1"
                    >
                      Email:
                    </td>
                    <td>
                      adsf@gmail.com
                    </td>
                  </tr>
                  <tr
                    id="row"
                  >
                    <td
                      id="column1"
                    >
                      Address:
                    </td>
                    <td>
                      dsafdsaf
                    </td>
                  </tr>
                </table>,
              ],
              "id": "detail",
            },
            "ref": null,
            "rendered": Array [
              Object {
                "instance": null,
                "key": undefined,
                "nodeType": "host",
                "props": Object {
                  "children": Array [
                    <h1
                      className="heading"
                    >
                      Hello
                       
                      No
                    </h1>,
                    <Link
                      className="link"
                      replace={false}
                      to="/edit/undefined"
                    >
                      Edit
                    </Link>,
                  ],
                  "id": "padding",
                },
                "ref": null,
                "rendered": Array [
                  Object {
                    "instance": null,
                    "key": undefined,
                    "nodeType": "host",
                    "props": Object {
                      "children": Array [
                        "Hello",
                        " ",
                        "No",
                      ],
                      "className": "heading",
                    },
                    "ref": null,
                    "rendered": Array [
                      "Hello",
                      " ",
                      "No",
                    ],
                    "type": "h1",
                  },
                  Object {
                    "instance": null,
                    "key": undefined,
                    "nodeType": "class",
                    "props": Object {
                      "children": "Edit",
                      "className": "link",
                      "replace": false,
                      "to": "/edit/undefined",
                    },
                    "ref": null,
                    "rendered": "Edit",
                    "type": [Function],
                  },
                ],
                "type": "div",
              },
              Object {
                "instance": null,
                "key": undefined,
                "nodeType": "host",
                "props": Object {
                  "children": Array [
                    <tr
                      id="row"
                    >
                      <td
                        id="column1"
                      >
                        Phone:
                      </td>
                      <td>
                        21312
                      </td>
                    </tr>,
                    <tr
                      id="row"
                    >
                      <td
                        id="column1"
                      >
                        Email:
                      </td>
                      <td>
                        adsf@gmail.com
                      </td>
                    </tr>,
                    <tr
                      id="row"
                    >
                      <td
                        id="column1"
                      >
                        Address:
                      </td>
                      <td>
                        dsafdsaf
                      </td>
                    </tr>,
                  ],
                  "id": "table",
                },
                "ref": null,
                "rendered": Array [
                  Object {
                    "instance": null,
                    "key": undefined,
                    "nodeType": "host",
                    "props": Object {
                      "children": Array [
                        <td
                          id="column1"
                        >
                          Phone:
                        </td>,
                        <td>
                          21312
                        </td>,
                      ],
                      "id": "row",
                    },
                    "ref": null,
                    "rendered": Array [
                      Object {
                        "instance": null,
                        "key": undefined,
                        "nodeType": "host",
                        "props": Object {
                          "children": "Phone:",
                          "id": "column1",
                        },
                        "ref": null,
                        "rendered": "Phone:",
                        "type": "td",
                      },
                      Object {
                        "instance": null,
                        "key": undefined,
                        "nodeType": "host",
                        "props": Object {
                          "children": "21312",
                        },
                        "ref": null,
                        "rendered": "21312",
                        "type": "td",
                      },
                    ],
                    "type": "tr",
                  },
                  Object {
                    "instance": null,
                    "key": undefined,
                    "nodeType": "host",
                    "props": Object {
                      "children": Array [
                        <td
                          id="column1"
                        >
                          Email:
                        </td>,
                        <td>
                          adsf@gmail.com
                        </td>,
                      ],
                      "id": "row",
                    },
                    "ref": null,
                    "rendered": Array [
                      Object {
                        "instance": null,
                        "key": undefined,
                        "nodeType": "host",
                        "props": Object {
                          "children": "Email:",
                          "id": "column1",
                        },
                        "ref": null,
                        "rendered": "Email:",
                        "type": "td",
                      },
                      Object {
                        "instance": null,
                        "key": undefined,
                        "nodeType": "host",
                        "props": Object {
                          "children": "adsf@gmail.com",
                        },
                        "ref": null,
                        "rendered": "adsf@gmail.com",
                        "type": "td",
                      },
                    ],
                    "type": "tr",
                  },
                  Object {
                    "instance": null,
                    "key": undefined,
                    "nodeType": "host",
                    "props": Object {
                      "children": Array [
                        <td
                          id="column1"
                        >
                          Address:
                        </td>,
                        <td>
                          dsafdsaf
                        </td>,
                      ],
                      "id": "row",
                    },
                    "ref": null,
                    "rendered": Array [
                      Object {
                        "instance": null,
                        "key": undefined,
                        "nodeType": "host",
                        "props": Object {
                          "children": "Address:",
                          "id": "column1",
                        },
                        "ref": null,
                        "rendered": "Address:",
                        "type": "td",
                      },
                      Object {
                        "instance": null,
                        "key": undefined,
                        "nodeType": "host",
                        "props": Object {
                          "children": "dsafdsaf",
                        },
                        "ref": null,
                        "rendered": "dsafdsaf",
                        "type": "td",
                      },
                    ],
                    "type": "tr",
                  },
                ],
                "type": "table",
              },
            ],
            "type": "span",
          },
        ],
        "type": "div",
      },
      "type": Symbol(react.fragment),
    },
  ],
  Symbol(enzyme.__options__): Object {
    "adapter": ReactSixteenAdapter {
      "options": Object {
        "enableComponentDidUpdateOnSetState": true,
      },
    },
  },
}
`;
